src/components/AdminBillingPanel.tsx(2,18): error TS6133: 'AnimatePresence' is declared but its value is never read.
src/components/AdminBillingPanel.tsx(8,3): error TS6133: 'Euro' is declared but its value is never read.
src/components/AdminBillingPanel.tsx(12,3): error TS6133: 'Calendar' is declared but its value is never read.
src/components/AdminBillingPanel.tsx(14,3): error TS6133: 'Download' is declared but its value is never read.
src/components/AdminBillingPanel.tsx(16,3): error TS6133: 'AlertCircle' is declared but its value is never read.
src/components/AdminBillingPanel.tsx(17,3): error TS6133: 'BarChart3' is declared but its value is never read.
src/components/AdminBillingPanel.tsx(19,3): error TS6133: 'ArrowUpCircle' is declared but its value is never read.
src/components/AdminBillingPanel.tsx(20,3): error TS6133: 'ChevronLeft' is declared but its value is never read.
src/components/AdminBillingPanel.tsx(21,3): error TS6133: 'ChevronRight' is declared but its value is never read.
src/components/AdminBillingPanel.tsx(22,3): error TS6133: 'RefreshCw' is declared but its value is never read.
src/components/AdminBillingPanel.tsx(78,9): error TS6133: 'user' is declared but its value is never read.
src/components/AdminBillingPanel.tsx(91,10): error TS6133: 'loading' is declared but its value is never read.
src/components/AdminMigrationPanel.tsx(6,17): error TS6133: 'XCircle' is declared but its value is never read.
src/components/AdminMigrationPanel.tsx(94,53): error TS18046: 'error' is of type 'unknown'.
src/components/AdminMigrationPanel.tsx(174,54): error TS18046: 'error' is of type 'unknown'.
src/components/AdminUserManagement.tsx(53,9): error TS6133: 'user' is declared but its value is never read.
src/components/animations/BadgeUnlockAnimation.tsx(6,51): error TS6133: 'Badge' is declared but its value is never read.
src/components/animations/LoadingSkeleton.tsx(47,13): error TS2322: Type '{ shimmer: { backgroundPosition: string[]; transition: { duration: number; repeat: number; ease: string; }; }; }' is not assignable to type 'Variants'.
  Property 'shimmer' is incompatible with index signature.
    Type '{ backgroundPosition: string[]; transition: { duration: number; repeat: number; ease: string; }; }' is not assignable to type 'Variant'.
      Type '{ backgroundPosition: string[]; transition: { duration: number; repeat: number; ease: string; }; }' is not assignable to type 'TargetAndTransition'.
        Type '{ backgroundPosition: string[]; transition: { duration: number; repeat: number; ease: string; }; }' is not assignable to type '{ transition?: Transition<any> | undefined; transitionEnd?: ResolvedValues$1 | undefined; }'.
          Types of property 'transition' are incompatible.
            Type '{ duration: number; repeat: number; ease: string; }' is not assignable to type 'Transition<any> | undefined'.
              Type '{ duration: number; repeat: number; ease: string; }' is not assignable to type 'TransitionWithValueOverrides<any>'.
                Type '{ duration: number; repeat: number; ease: string; }' is not assignable to type 'ValueAnimationTransition<any>'.
                  Types of property 'ease' are incompatible.
                    Type 'string' is not assignable to type 'Easing | Easing[] | undefined'.
src/components/animations/LoadingSkeleton.tsx(65,13): error TS2322: Type '{ shimmer: { backgroundPosition: string[]; transition: { duration: number; repeat: number; ease: string; }; }; }' is not assignable to type 'Variants'.
  Property 'shimmer' is incompatible with index signature.
    Type '{ backgroundPosition: string[]; transition: { duration: number; repeat: number; ease: string; }; }' is not assignable to type 'Variant'.
      Type '{ backgroundPosition: string[]; transition: { duration: number; repeat: number; ease: string; }; }' is not assignable to type 'TargetAndTransition'.
        Type '{ backgroundPosition: string[]; transition: { duration: number; repeat: number; ease: string; }; }' is not assignable to type '{ transition?: Transition<any> | undefined; transitionEnd?: ResolvedValues$1 | undefined; }'.
          Types of property 'transition' are incompatible.
            Type '{ duration: number; repeat: number; ease: string; }' is not assignable to type 'Transition<any> | undefined'.
              Type '{ duration: number; repeat: number; ease: string; }' is not assignable to type 'TransitionWithValueOverrides<any>'.
                Type '{ duration: number; repeat: number; ease: string; }' is not assignable to type 'ValueAnimationTransition<any>'.
                  Types of property 'ease' are incompatible.
                    Type 'string' is not assignable to type 'Easing | Easing[] | undefined'.
src/components/animations/LoadingSkeleton.tsx(77,13): error TS2322: Type '{ shimmer: { backgroundPosition: string[]; transition: { duration: number; repeat: number; ease: string; }; }; }' is not assignable to type 'Variants'.
  Property 'shimmer' is incompatible with index signature.
    Type '{ backgroundPosition: string[]; transition: { duration: number; repeat: number; ease: string; }; }' is not assignable to type 'Variant'.
      Type '{ backgroundPosition: string[]; transition: { duration: number; repeat: number; ease: string; }; }' is not assignable to type 'TargetAndTransition'.
        Type '{ backgroundPosition: string[]; transition: { duration: number; repeat: number; ease: string; }; }' is not assignable to type '{ transition?: Transition<any> | undefined; transitionEnd?: ResolvedValues$1 | undefined; }'.
          Types of property 'transition' are incompatible.
            Type '{ duration: number; repeat: number; ease: string; }' is not assignable to type 'Transition<any> | undefined'.
              Type '{ duration: number; repeat: number; ease: string; }' is not assignable to type 'TransitionWithValueOverrides<any>'.
                Type '{ duration: number; repeat: number; ease: string; }' is not assignable to type 'ValueAnimationTransition<any>'.
                  Types of property 'ease' are incompatible.
                    Type 'string' is not assignable to type 'Easing | Easing[] | undefined'.
src/components/animations/LoadingSkeleton.tsx(90,13): error TS2322: Type '{ shimmer: { backgroundPosition: string[]; transition: { duration: number; repeat: number; ease: string; }; }; }' is not assignable to type 'Variants'.
  Property 'shimmer' is incompatible with index signature.
    Type '{ backgroundPosition: string[]; transition: { duration: number; repeat: number; ease: string; }; }' is not assignable to type 'Variant'.
      Type '{ backgroundPosition: string[]; transition: { duration: number; repeat: number; ease: string; }; }' is not assignable to type 'TargetAndTransition'.
        Type '{ backgroundPosition: string[]; transition: { duration: number; repeat: number; ease: string; }; }' is not assignable to type '{ transition?: Transition<any> | undefined; transitionEnd?: ResolvedValues$1 | undefined; }'.
          Types of property 'transition' are incompatible.
            Type '{ duration: number; repeat: number; ease: string; }' is not assignable to type 'Transition<any> | undefined'.
              Type '{ duration: number; repeat: number; ease: string; }' is not assignable to type 'TransitionWithValueOverrides<any>'.
                Type '{ duration: number; repeat: number; ease: string; }' is not assignable to type 'ValueAnimationTransition<any>'.
                  Types of property 'ease' are incompatible.
                    Type 'string' is not assignable to type 'Easing | Easing[] | undefined'.
src/components/animations/LoadingSkeleton.tsx(102,11): error TS2322: Type '{ pulse: { opacity: number[]; transition: { duration: number; repeat: number; ease: string; }; }; }' is not assignable to type 'Variants'.
  Property 'pulse' is incompatible with index signature.
    Type '{ opacity: number[]; transition: { duration: number; repeat: number; ease: string; }; }' is not assignable to type 'Variant'.
      Type '{ opacity: number[]; transition: { duration: number; repeat: number; ease: string; }; }' is not assignable to type 'TargetAndTransition'.
        Type '{ opacity: number[]; transition: { duration: number; repeat: number; ease: string; }; }' is not assignable to type '{ transition?: Transition<any> | undefined; transitionEnd?: ResolvedValues$1 | undefined; }'.
          Types of property 'transition' are incompatible.
            Type '{ duration: number; repeat: number; ease: string; }' is not assignable to type 'Transition<any> | undefined'.
              Type '{ duration: number; repeat: number; ease: string; }' is not assignable to type 'TransitionWithValueOverrides<any>'.
                Type '{ duration: number; repeat: number; ease: string; }' is not assignable to type 'ValueAnimationTransition<any>'.
                  Types of property 'ease' are incompatible.
                    Type 'string' is not assignable to type 'Easing | Easing[] | undefined'.
src/components/animations/ProgressBarAnimated.tsx(54,9): error TS6133: 'getColorByPercentage' is declared but its value is never read.
src/components/AuthProvider.tsx(129,47): error TS2554: Expected 0 arguments, but got 1.
src/components/AuthView.tsx(9,77): error TS6133: 'ArrowRight' is declared but its value is never read.
src/components/AuthView.tsx(9,89): error TS6133: 'ShieldCheck' is declared but its value is never read.
src/components/AuthView.tsx(9,102): error TS6133: 'Zap' is declared but its value is never read.
src/components/AuthView.tsx(25,10): error TS6133: 'successMessage' is declared but its value is never read.
src/components/BadgeShowcase.tsx(5,1): error TS6133: 'Progress' is declared but its value is never read.
src/components/BadgeShowcase.tsx(9,57): error TS6133: 'Star' is declared but its value is never read.
src/components/BadgeShowcase.tsx(9,63): error TS6133: 'Zap' is declared but its value is never read.
src/components/BadgeShowcase.tsx(9,68): error TS6133: 'Target' is declared but its value is never read.
src/components/Dashboard.tsx(4,1): error TS6133: 'Progress' is declared but its value is never read.
src/components/Dashboard.tsx(353,18): error TS2304: Cannot find name 'Button'.
src/components/Dashboard.tsx(359,19): error TS2304: Cannot find name 'Button'.
src/components/DataMigration.tsx(4,77): error TS6133: 'Eye' is declared but its value is never read.
src/components/DataMigration.tsx(15,10): error TS6133: 'showDataPreview' is declared but its value is never read.
src/components/DataMigration.tsx(15,27): error TS6133: 'setShowDataPreview' is declared but its value is never read.
src/components/DataMigration.tsx(16,10): error TS6133: 'previewData' is declared but its value is never read.
src/components/DataMigration.tsx(16,23): error TS6133: 'setPreviewData' is declared but its value is never read.
src/components/DataMigration.tsx(129,49): error TS18046: 'error' is of type 'unknown'.
src/components/ExchangeConnections.tsx(66,10): error TS6133: 'loading' is declared but its value is never read.
src/components/ExchangeConnections.tsx(71,10): error TS6133: 'loadingTrades' is declared but its value is never read.
src/components/ExchangeView.tsx(5,53): error TS6133: 'Sparkles' is declared but its value is never read.
src/components/ExchangeView.tsx(7,1): error TS6133: 'Button' is declared but its value is never read.
src/components/HintCard.tsx(3,1): error TS6133: 'Button' is declared but its value is never read.
src/components/HomePage.tsx(8,18): error TS6133: 'AnimatePresence' is declared but its value is never read.
src/components/HomePage.tsx(15,3): error TS6133: 'Activity' is declared but its value is never read.
src/components/HomePage.tsx(20,3): error TS6133: 'ChevronRight' is declared but its value is never read.
src/components/LandingPage.tsx(5,29): error TS6133: 'AnimatePresence' is declared but its value is never read.
src/components/LandingPage.tsx(7,3): error TS6133: 'Rocket' is declared but its value is never read.
src/components/LandingPage.tsx(11,3): error TS6133: 'Zap' is declared but its value is never read.
src/components/LandingPage.tsx(12,3): error TS6133: 'Shield' is declared but its value is never read.
src/components/LandingPage.tsx(13,3): error TS6133: 'Users' is declared but its value is never read.
src/components/LandingPage.tsx(15,3): error TS6133: 'Star' is declared but its value is never read.
src/components/LandingPage.tsx(18,3): error TS6133: 'BookOpen' is declared but its value is never read.
src/components/LandingPage.tsx(21,3): error TS6133: 'Flame' is declared but its value is never read.
src/components/LandingPage.tsx(22,3): error TS6133: 'Lock' is declared but its value is never read.
src/components/LandingPage.tsx(23,3): error TS6133: 'ChevronRight' is declared but its value is never read.
src/components/LandingPage.tsx(25,3): error TS6133: 'CheckCircle2' is declared but its value is never read.
src/components/LandingPage.tsx(26,3): error TS6133: 'Globe' is declared but its value is never read.
src/components/LandingPage.tsx(27,3): error TS6133: 'Award' is declared but its value is never read.
src/components/LeaderboardView.tsx(12,18): error TS6133: 'AnimatePresence' is declared but its value is never read.
src/components/LearningPath.tsx(2,1): error TS6133: 'Card' is declared but its value is never read.
src/components/LearningPath.tsx(3,1): error TS6133: 'Button' is declared but its value is never read.
src/components/LearningPath.tsx(6,55): error TS6133: 'ArrowRight' is declared but its value is never read.
src/components/LessonView.tsx(4,1): error TS6133: 'Progress' is declared but its value is never read.
src/components/LessonView.tsx(21,1): error TS6133: 'XPGain' is declared but its value is never read.
src/components/LessonView.tsx(315,35): error TS2352: Conversion of type 'string | number' to type 'number[]' may be a mistake because neither type sufficiently overlaps with the other. If this was intentional, convert the expression to 'unknown' first.
  Type 'number' is not comparable to type 'number[]'.
src/components/LongTermSimulator.tsx(15,3): error TS6133: 'BarChart3' is declared but its value is never read.
src/components/LongTermSimulator.tsx(17,3): error TS6133: 'Zap' is declared but its value is never read.
src/components/ManualTradeJournal.tsx(10,3): error TS6133: 'DollarSign' is declared but its value is never read.
src/components/MobileGestures.tsx(7,9): error TS6133: 'touchEndY' is declared but its value is never read.
src/components/OnboardingResults.tsx(5,75): error TS6133: 'Trophy' is declared but its value is never read.
src/components/OnboardingView.tsx(5,1): error TS6133: 'Progress' is declared but its value is never read.
src/components/OnboardingView.tsx(19,3): error TS6133: 'Zap' is declared but its value is never read.
src/components/OnboardingView.tsx(20,3): error TS6133: 'ShieldCheck' is declared but its value is never read.
src/components/SettingsView.tsx(9,3): error TS6133: 'Shield' is declared but its value is never read.
src/components/SettingsView.tsx(16,3): error TS6133: 'Sparkles' is declared but its value is never read.
src/components/SettingsView.tsx(18,3): error TS6133: 'ChevronRight' is declared but its value is never read.
src/components/SettingsView.tsx(21,3): error TS6133: 'Zap' is declared but its value is never read.
src/components/SettingsView.tsx(22,3): error TS6133: 'Target' is declared but its value is never read.
src/components/SimulationView.tsx(7,1): error TS6133: 'Progress' is declared but its value is never read.
src/components/SupabaseStatus.tsx(55,15): error TS6133: 'data' is declared but its value is never read.
src/components/SupabaseTestView.tsx(39,19): error TS6133: 'data' is declared but its value is never read.
src/components/trading/WheelDashboard.tsx(7,3): error TS6133: 'TrendingDown' is declared but its value is never read.
src/components/trading/WheelDashboard.tsx(40,32): error TS6133: 'onNavigate' is declared but its value is never read.
src/components/ui/pagination.tsx(6,8): error TS2307: Cannot find module 'lucide-react@0.487.0' or its corresponding type declarations.
src/components/UserMenu.tsx(23,10): error TS7006: Parameter 'n' implicitly has an 'any' type.
src/hooks/useAnimations.ts(28,38): error TS6133: 'amount' is declared but its value is never read.
src/hooks/useAnimations.ts(82,39): error TS6133: 'newLevel' is declared but its value is never read.
src/hooks/useAnimations.ts(94,43): error TS6133: 'badgeId' is declared but its value is never read.
src/hooks/useHaptics.ts(1,23): error TS6133: 'useEffect' is declared but its value is never read.
src/supabase/functions/server/admin-billing.tsx(1,22): error TS2307: Cannot find module 'npm:hono' or its corresponding type declarations.
src/supabase/functions/server/admin-billing.tsx(2,30): error TS2307: Cannot find module 'npm:@supabase/supabase-js' or its corresponding type declarations.
src/supabase/functions/server/admin-billing.tsx(8,23): error TS2304: Cannot find name 'Deno'.
src/supabase/functions/server/admin-billing.tsx(9,23): error TS2304: Cannot find name 'Deno'.
src/supabase/functions/server/admin-billing.tsx(20,7): error TS6133: 'getSupabaseClient' is declared but its value is never read.
src/supabase/functions/server/admin-billing.tsx(21,23): error TS2304: Cannot find name 'Deno'.
src/supabase/functions/server/admin-billing.tsx(22,27): error TS2304: Cannot find name 'Deno'.
src/supabase/functions/server/admin-billing.tsx(42,17): error TS2304: Cannot find name 'Deno'.
src/supabase/functions/server/admin-billing.tsx(53,7): error TS2304: Cannot find name 'Deno'.
src/supabase/functions/server/admin-billing.tsx(54,7): error TS2304: Cannot find name 'Deno'.
src/supabase/functions/server/admin-billing.tsx(105,72): error TS7006: Parameter 'c' implicitly has an 'any' type.
src/supabase/functions/server/admin-billing.tsx(130,46): error TS7006: Parameter 'sum' implicitly has an 'any' type.
src/supabase/functions/server/admin-billing.tsx(130,51): error TS7006: Parameter 's' implicitly has an 'any' type.
src/supabase/functions/server/admin-billing.tsx(145,47): error TS7006: Parameter 's' implicitly has an 'any' type.
src/supabase/functions/server/admin-billing.tsx(148,46): error TS7006: Parameter 's' implicitly has an 'any' type.
src/supabase/functions/server/admin-billing.tsx(160,75): error TS7006: Parameter 'c' implicitly has an 'any' type.
src/supabase/functions/server/admin-billing.tsx(189,40): error TS6133: 'profitError' is declared but its value is never read.
src/supabase/functions/server/admin-billing.tsx(210,41): error TS7006: Parameter 'sum' implicitly has an 'any' type.
src/supabase/functions/server/admin-billing.tsx(210,46): error TS7006: Parameter 't' implicitly has an 'any' type.
src/supabase/functions/server/admin-billing.tsx(211,44): error TS7006: Parameter 'sum' implicitly has an 'any' type.
src/supabase/functions/server/admin-billing.tsx(211,49): error TS7006: Parameter 't' implicitly has an 'any' type.
src/supabase/functions/server/admin-billing.tsx(265,56): error TS7006: Parameter 'c' implicitly has an 'any' type.
src/supabase/functions/server/admin-billing.tsx(319,66): error TS7006: Parameter 'c' implicitly has an 'any' type.
src/supabase/functions/server/admin-billing.tsx(459,79): error TS7006: Parameter 'c' implicitly has an 'any' type.
src/supabase/functions/server/admin-billing.tsx(543,64): error TS7006: Parameter 'c' implicitly has an 'any' type.
src/supabase/functions/server/admin-billing.tsx(563,48): error TS7006: Parameter 'u' implicitly has an 'any' type.
src/supabase/functions/server/admin-billing.tsx(564,51): error TS7006: Parameter 'u' implicitly has an 'any' type.
src/supabase/functions/server/admin-billing.tsx(565,55): error TS7006: Parameter 'sum' implicitly has an 'any' type.
src/supabase/functions/server/admin-billing.tsx(565,60): error TS7006: Parameter 'u' implicitly has an 'any' type.
src/supabase/functions/server/admin-billing.tsx(566,56): error TS7006: Parameter 'sum' implicitly has an 'any' type.
src/supabase/functions/server/admin-billing.tsx(566,61): error TS7006: Parameter 'u' implicitly has an 'any' type.
src/supabase/functions/server/admin-billing.tsx(567,57): error TS7006: Parameter 'sum' implicitly has an 'any' type.
src/supabase/functions/server/admin-billing.tsx(567,62): error TS7006: Parameter 'u' implicitly has an 'any' type.
src/supabase/functions/server/admin-billing.tsx(568,47): error TS7006: Parameter 'sum' implicitly has an 'any' type.
src/supabase/functions/server/admin-billing.tsx(568,52): error TS7006: Parameter 'u' implicitly has an 'any' type.
src/supabase/functions/server/admin-billing.tsx(583,71): error TS7006: Parameter 'c' implicitly has an 'any' type.
src/supabase/functions/server/admin-migration.tsx(2,30): error TS2307: Cannot find module 'jsr:@supabase/supabase-js' or its corresponding type declarations.
src/supabase/functions/server/admin-migration.tsx(8,3): error TS2304: Cannot find name 'Deno'.
src/supabase/functions/server/admin-migration.tsx(9,3): error TS2304: Cannot find name 'Deno'.
src/supabase/functions/server/admin-migration.tsx(148,64): error TS18046: 'error' is of type 'unknown'.
src/supabase/functions/server/admin-migration.tsx(167,16): error TS18046: 'error' is of type 'unknown'.
src/supabase/functions/server/admin-migration.tsx(277,63): error TS18046: 'error' is of type 'unknown'.
src/supabase/functions/server/admin-migration.tsx(294,16): error TS18046: 'error' is of type 'unknown'.
src/supabase/functions/server/data-migration.tsx(2,30): error TS2307: Cannot find module 'jsr:@supabase/supabase-js' or its corresponding type declarations.
src/supabase/functions/server/data-migration.tsx(9,3): error TS2304: Cannot find name 'Deno'.
src/supabase/functions/server/data-migration.tsx(10,3): error TS2304: Cannot find name 'Deno'.
src/supabase/functions/server/data-migration.tsx(37,47): error TS6133: 'dataTypes' is declared but its value is never read.
src/supabase/functions/server/data-migration.tsx(72,66): error TS18046: 'error' is of type 'unknown'.
src/supabase/functions/server/data-migration.tsx(91,16): error TS18046: 'error' is of type 'unknown'.
src/supabase/functions/server/data-migration.tsx(179,53): error TS18046: 'error' is of type 'unknown'.
src/supabase/functions/server/data-migration.tsx(192,78): error TS18046: 'error' is of type 'unknown'.
src/supabase/functions/server/data-migration.tsx(216,48): error TS18046: 'error' is of type 'unknown'.
src/supabase/functions/server/data-migration.tsx(228,54): error TS18046: 'error' is of type 'unknown'.
src/supabase/functions/server/data-migration.tsx(240,56): error TS18046: 'error' is of type 'unknown'.
src/supabase/functions/server/data-migration.tsx(257,16): error TS18046: 'error' is of type 'unknown'.
src/supabase/functions/server/db-duplicate.tsx(2,22): error TS2307: Cannot find module 'npm:hono' or its corresponding type declarations.
src/supabase/functions/server/db-duplicate.tsx(4,30): error TS2307: Cannot find module 'jsr:@supabase/supabase-js' or its corresponding type declarations.
src/supabase/functions/server/db-duplicate.tsx(11,5): error TS2304: Cannot find name 'Deno'.
src/supabase/functions/server/db-duplicate.tsx(12,5): error TS2304: Cannot find name 'Deno'.
src/supabase/functions/server/db-duplicate.tsx(17,67): error TS7006: Parameter 'c' implicitly has an 'any' type.
src/supabase/functions/server/db-duplicate.tsx(36,22): error TS7006: Parameter 'd' implicitly has an 'any' type.
src/supabase/functions/server/db-duplicate.tsx(50,60): error TS7006: Parameter 'c' implicitly has an 'any' type.
src/supabase/functions/server/db-duplicate.tsx(93,65): error TS7006: Parameter 'c' implicitly has an 'any' type.
src/supabase/functions/server/db-duplicate.tsx(185,60): error TS7006: Parameter 'c' implicitly has an 'any' type.
src/supabase/functions/server/db-duplicate.tsx(198,18): error TS7006: Parameter 'item' implicitly has an 'any' type.
src/supabase/functions/server/db-duplicate.tsx(216,72): error TS7006: Parameter 'c' implicitly has an 'any' type.
src/supabase/functions/server/db-duplicate.tsx(238,35): error TS7006: Parameter 'd' implicitly has an 'any' type.
src/supabase/functions/server/index.tsx(1,22): error TS2307: Cannot find module 'npm:hono' or its corresponding type declarations.
src/supabase/functions/server/index.tsx(2,22): error TS2307: Cannot find module 'npm:hono/cors' or its corresponding type declarations.
src/supabase/functions/server/index.tsx(3,24): error TS2307: Cannot find module 'npm:hono/logger' or its corresponding type declarations.
src/supabase/functions/server/index.tsx(33,42): error TS7006: Parameter 'c' implicitly has an 'any' type.
src/supabase/functions/server/index.tsx(40,54): error TS7006: Parameter 'c' implicitly has an 'any' type.
src/supabase/functions/server/index.tsx(51,43): error TS2307: Cannot find module 'npm:@supabase/supabase-js' or its corresponding type declarations.
src/supabase/functions/server/index.tsx(55,25): error TS2304: Cannot find name 'Deno'.
src/supabase/functions/server/index.tsx(56,32): error TS2304: Cannot find name 'Deno'.
src/supabase/functions/server/index.tsx(102,16): error TS18046: 'error' is of type 'unknown'.
src/supabase/functions/server/index.tsx(108,65): error TS7006: Parameter 'c' implicitly has an 'any' type.
src/supabase/functions/server/index.tsx(111,28): error TS2304: Cannot find name 'Deno'.
src/supabase/functions/server/index.tsx(112,26): error TS2304: Cannot find name 'Deno'.
src/supabase/functions/server/index.tsx(129,13): error TS6133: 'lessonId' is declared but its value is never read.
src/supabase/functions/server/index.tsx(273,46): error TS2304: Cannot find name 'cleanedResponse'.
src/supabase/functions/server/index.tsx(291,60): error TS7006: Parameter 'c' implicitly has an 'any' type.
src/supabase/functions/server/index.tsx(294,28): error TS2304: Cannot find name 'Deno'.
src/supabase/functions/server/index.tsx(295,26): error TS2304: Cannot find name 'Deno'.
src/supabase/functions/server/index.tsx(379,58): error TS7006: Parameter 'c' implicitly has an 'any' type.
src/supabase/functions/server/index.tsx(381,28): error TS2304: Cannot find name 'Deno'.
src/supabase/functions/server/index.tsx(479,14): error TS18046: 'error' is of type 'unknown'.
src/supabase/functions/server/index.tsx(486,53): error TS7006: Parameter 'c' implicitly has an 'any' type.
src/supabase/functions/server/index.tsx(488,28): error TS2304: Cannot find name 'Deno'.
src/supabase/functions/server/index.tsx(580,45): error TS7006: Parameter 'c' implicitly has an 'any' type.
src/supabase/functions/server/index.tsx(590,68): error TS7006: Parameter 'c' implicitly has an 'any' type.
src/supabase/functions/server/index.tsx(608,14): error TS18046: 'error' is of type 'unknown'.
src/supabase/functions/server/index.tsx(614,63): error TS7006: Parameter 'c' implicitly has an 'any' type.
src/supabase/functions/server/index.tsx(653,14): error TS18046: 'error' is of type 'unknown'.
src/supabase/functions/server/index.tsx(661,69): error TS7006: Parameter 'c' implicitly has an 'any' type.
src/supabase/functions/server/index.tsx(693,14): error TS18046: 'error' is of type 'unknown'.
src/supabase/functions/server/index.tsx(699,64): error TS7006: Parameter 'c' implicitly has an 'any' type.
src/supabase/functions/server/index.tsx(723,14): error TS18046: 'error' is of type 'unknown'.
src/supabase/functions/server/index.tsx(745,55): error TS7006: Parameter 'c' implicitly has an 'any' type.
src/supabase/functions/server/index.tsx(751,28): error TS18046: 'error' is of type 'unknown'.
src/supabase/functions/server/index.tsx(756,54): error TS7006: Parameter 'c' implicitly has an 'any' type.
src/supabase/functions/server/index.tsx(779,28): error TS18046: 'error' is of type 'unknown'.
src/supabase/functions/server/index.tsx(784,54): error TS7006: Parameter 'c' implicitly has an 'any' type.
src/supabase/functions/server/index.tsx(801,28): error TS18046: 'error' is of type 'unknown'.
src/supabase/functions/server/index.tsx(806,55): error TS7006: Parameter 'c' implicitly has an 'any' type.
src/supabase/functions/server/index.tsx(827,28): error TS18046: 'error' is of type 'unknown'.
src/supabase/functions/server/index.tsx(834,53): error TS7006: Parameter 'c' implicitly has an 'any' type.
src/supabase/functions/server/index.tsx(840,28): error TS18046: 'error' is of type 'unknown'.
src/supabase/functions/server/index.tsx(845,59): error TS7006: Parameter 'c' implicitly has an 'any' type.
src/supabase/functions/server/index.tsx(858,28): error TS18046: 'error' is of type 'unknown'.
src/supabase/functions/server/index.tsx(863,62): error TS7006: Parameter 'c' implicitly has an 'any' type.
src/supabase/functions/server/index.tsx(888,28): error TS18046: 'error' is of type 'unknown'.
src/supabase/functions/server/index.tsx(893,62): error TS7006: Parameter 'c' implicitly has an 'any' type.
src/supabase/functions/server/index.tsx(917,28): error TS18046: 'error' is of type 'unknown'.
src/supabase/functions/server/index.tsx(924,63): error TS7006: Parameter 'c' implicitly has an 'any' type.
src/supabase/functions/server/index.tsx(945,1): error TS2304: Cannot find name 'Deno'.
src/supabase/functions/server/kv_store.tsx(13,30): error TS2307: Cannot find module 'jsr:@supabase/supabase-js' or its corresponding type declarations.
src/supabase/functions/server/kv_store.tsx(16,3): error TS2304: Cannot find name 'Deno'.
src/supabase/functions/server/kv_store.tsx(17,3): error TS2304: Cannot find name 'Deno'.
src/supabase/functions/server/kv_store.tsx(67,21): error TS7006: Parameter 'd' implicitly has an 'any' type.
src/supabase/functions/server/kv_store.tsx(86,21): error TS7006: Parameter 'd' implicitly has an 'any' type.
src/supabase/functions/server/user-management.tsx(1,22): error TS2307: Cannot find module 'npm:hono' or its corresponding type declarations.
src/supabase/functions/server/user-management.tsx(2,30): error TS2307: Cannot find module 'npm:@supabase/supabase-js' or its corresponding type declarations.
src/supabase/functions/server/user-management.tsx(8,23): error TS2304: Cannot find name 'Deno'.
src/supabase/functions/server/user-management.tsx(9,23): error TS2304: Cannot find name 'Deno'.
src/supabase/functions/server/user-management.tsx(20,7): error TS6133: 'getSupabaseClient' is declared but its value is never read.
src/supabase/functions/server/user-management.tsx(21,23): error TS2304: Cannot find name 'Deno'.
src/supabase/functions/server/user-management.tsx(22,27): error TS2304: Cannot find name 'Deno'.
src/supabase/functions/server/user-management.tsx(42,17): error TS2304: Cannot find name 'Deno'.
src/supabase/functions/server/user-management.tsx(53,7): error TS2304: Cannot find name 'Deno'.
src/supabase/functions/server/user-management.tsx(54,7): error TS2304: Cannot find name 'Deno'.
src/supabase/functions/server/user-management.tsx(111,53): error TS7006: Parameter 'c' implicitly has an 'any' type.
src/supabase/functions/server/user-management.tsx(178,61): error TS7006: Parameter 'c' implicitly has an 'any' type.
src/supabase/functions/server/user-management.tsx(248,76): error TS7006: Parameter 'c' implicitly has an 'any' type.
src/supabase/functions/server/user-management.tsx(313,70): error TS7006: Parameter 'c' implicitly has an 'any' type.
src/supabase/functions/server/user-management.tsx(370,57): error TS7006: Parameter 'c' implicitly has an 'any' type.
src/supabase/functions/server/user-management.tsx(459,49): error TS7006: Parameter 'c' implicitly has an 'any' type.
src/supabase/functions/server/user-management.tsx(498,68): error TS7006: Parameter 'c' implicitly has an 'any' type.
src/supabase/functions/server/user-management.tsx(544,53): error TS7006: Parameter 'c' implicitly has an 'any' type.
src/supabase/functions/server/user-management.tsx(575,50): error TS7006: Parameter 's' implicitly has an 'any' type.
src/supabase/functions/server/user-management.tsx(576,53): error TS7006: Parameter 's' implicitly has an 'any' type.
src/supabase/functions/server/wheel-routes.tsx(1,22): error TS2307: Cannot find module 'npm:hono' or its corresponding type declarations.
src/supabase/functions/server/wheel-routes.tsx(2,30): error TS2307: Cannot find module 'npm:@supabase/supabase-js' or its corresponding type declarations.
src/supabase/functions/server/wheel-routes.tsx(7,28): error TS6133: 'authHeader' is declared but its value is never read.
src/supabase/functions/server/wheel-routes.tsx(8,23): error TS2304: Cannot find name 'Deno'.
src/supabase/functions/server/wheel-routes.tsx(9,23): error TS2304: Cannot find name 'Deno'.
src/supabase/functions/server/wheel-routes.tsx(104,3): error TS6133: 'targetPremiumPercent' is declared but its value is never read.
src/supabase/functions/server/wheel-routes.tsx(130,59): error TS7006: Parameter 'c' implicitly has an 'any' type.
src/supabase/functions/server/wheel-routes.tsx(139,41): error TS6133: 'planDurationMonths' is declared but its value is never read.
src/supabase/functions/server/wheel-routes.tsx(139,61): error TS6133: 'targetMonthlyReturn' is declared but its value is never read.
src/supabase/functions/server/wheel-routes.tsx(173,58): error TS7006: Parameter 'c' implicitly has an 'any' type.
src/supabase/functions/server/wheel-routes.tsx(204,55): error TS7006: Parameter 'c' implicitly has an 'any' type.
src/supabase/functions/server/wheel-routes.tsx(300,66): error TS7006: Parameter 'c' implicitly has an 'any' type.
src/supabase/functions/server/wheel-routes.tsx(350,65): error TS7006: Parameter 'c' implicitly has an 'any' type.
src/supabase/functions/server/wheel-routes.tsx(400,76): error TS7006: Parameter 'c' implicitly has an 'any' type.
src/supabase/functions/server/wheel-routes.tsx(437,38): error TS7006: Parameter 'sum' implicitly has an 'any' type.
src/supabase/functions/server/wheel-routes.tsx(437,43): error TS7006: Parameter 't' implicitly has an 'any' type.
src/supabase/functions/server/wheel-routes.tsx(438,41): error TS7006: Parameter 't' implicitly has an 'any' type.
src/supabase/functions/server/wheel-routes.tsx(439,41): error TS7006: Parameter 't' implicitly has an 'any' type.
src/supabase/functions/server/wheel-routes.tsx(441,42): error TS7006: Parameter 't' implicitly has an 'any' type.
src/supabase/functions/server/wheel-routes.tsx(442,41): error TS7006: Parameter 't' implicitly has an 'any' type.
src/supabase/functions/server/wheel-routes.tsx(444,51): error TS7006: Parameter 'sum' implicitly has an 'any' type.
src/supabase/functions/server/wheel-routes.tsx(444,56): error TS7006: Parameter 't' implicitly has an 'any' type.
src/supabase/functions/server/wheel-routes.tsx(473,84): error TS7006: Parameter 'c' implicitly has an 'any' type.
src/supabase/functions/server/wheel-routes.tsx(516,67): error TS7006: Parameter 'c' implicitly has an 'any' type.
